  Determining projects to restore...
  All projects are up-to-date for restore.
  IdentityService.Domain -> E:\Ny mappe (2)\EWalletSystem\src\Services\IdentityService\IdentityService.Domain\bin\Debug\net10.0\IdentityService.Domain.dll
  IdentityService.Application -> E:\Ny mappe (2)\EWalletSystem\src\Services\IdentityService\IdentityService.Application\bin\Debug\net10.0\IdentityService.Application.dll
E:\Ny mappe (2)\EWalletSystem\src\Services\IdentityService\IdentityService.Infrastructure\Caching\MitIdSessionCache.cs(2,28): error CS0234: The type or namespace name 'Caching' does not exist in the namespace 'Microsoft.Extensions' (are you missing an assembly reference?) [E:\Ny mappe (2)\EWalletSystem\src\Services\IdentityService\IdentityService.Infrastructure\IdentityService.Infrastructure.csproj]
E:\Ny mappe (2)\EWalletSystem\src\Services\IdentityService\IdentityService.Infrastructure\Http\SignicatHttpClient.cs(8,7): error CS0246: The type or namespace name 'Polly' could not be found (are you missing a using directive or an assembly reference?) [E:\Ny mappe (2)\EWalletSystem\src\Services\IdentityService\IdentityService.Infrastructure\IdentityService.Infrastructure.csproj]
E:\Ny mappe (2)\EWalletSystem\src\Services\IdentityService\IdentityService.Infrastructure\Http\SignicatHttpClient.cs(9,7): error CS0246: The type or namespace name 'Polly' could not be found (are you missing a using directive or an assembly reference?) [E:\Ny mappe (2)\EWalletSystem\src\Services\IdentityService\IdentityService.Infrastructure\IdentityService.Infrastructure.csproj]
E:\Ny mappe (2)\EWalletSystem\src\Services\IdentityService\IdentityService.Infrastructure\Persistence\MitIdAccountDatabaseAccess.Dto.cs(4,17): error CS0234: The type or namespace name 'EntityFrameworkCore' does not exist in the namespace 'Microsoft' (are you missing an assembly reference?) [E:\Ny mappe (2)\EWalletSystem\src\Services\IdentityService\IdentityService.Infrastructure\IdentityService.Infrastructure.csproj]
E:\Ny mappe (2)\EWalletSystem\src\Services\IdentityService\IdentityService.Infrastructure\Caching\MitIdSessionCache.cs(13,22): error CS0246: The type or namespace name 'IDistributedCache' could not be found (are you missing a using directive or an assembly reference?) [E:\Ny mappe (2)\EWalletSystem\src\Services\IdentityService\IdentityService.Infrastructure\IdentityService.Infrastructure.csproj]
E:\Ny mappe (2)\EWalletSystem\src\Services\IdentityService\IdentityService.Infrastructure\Persistence\MitIdAccountDatabaseAccess.cs(8,55): error CS0535: 'MitIdAccountDatabaseAccess' does not implement interface member 'IMitIdDbAccess.GetByNationalId(string)' [E:\Ny mappe (2)\EWalletSystem\src\Services\IdentityService\IdentityService.Infrastructure\IdentityService.Infrastructure.csproj]
E:\Ny mappe (2)\EWalletSystem\src\Services\IdentityService\IdentityService.Infrastructure\Http\SignicatHttpClient.cs(146,19): error CS0246: The type or namespace name 'IAsyncPolicy<>' could not be found (are you missing a using directive or an assembly reference?) [E:\Ny mappe (2)\EWalletSystem\src\Services\IdentityService\IdentityService.Infrastructure\IdentityService.Infrastructure.csproj]
E:\Ny mappe (2)\EWalletSystem\src\Services\IdentityService\IdentityService.Infrastructure\Caching\MitIdSessionCache.cs(17,30): error CS0246: The type or namespace name 'IDistributedCache' could not be found (are you missing a using directive or an assembly reference?) [E:\Ny mappe (2)\EWalletSystem\src\Services\IdentityService\IdentityService.Infrastructure\IdentityService.Infrastructure.csproj]

Build FAILED.

E:\Ny mappe (2)\EWalletSystem\src\Services\IdentityService\IdentityService.Infrastructure\Caching\MitIdSessionCache.cs(2,28): error CS0234: The type or namespace name 'Caching' does not exist in the namespace 'Microsoft.Extensions' (are you missing an assembly reference?) [E:\Ny mappe (2)\EWalletSystem\src\Services\IdentityService\IdentityService.Infrastructure\IdentityService.Infrastructure.csproj]
E:\Ny mappe (2)\EWalletSystem\src\Services\IdentityService\IdentityService.Infrastructure\Http\SignicatHttpClient.cs(8,7): error CS0246: The type or namespace name 'Polly' could not be found (are you missing a using directive or an assembly reference?) [E:\Ny mappe (2)\EWalletSystem\src\Services\IdentityService\IdentityService.Infrastructure\IdentityService.Infrastructure.csproj]
E:\Ny mappe (2)\EWalletSystem\src\Services\IdentityService\IdentityService.Infrastructure\Http\SignicatHttpClient.cs(9,7): error CS0246: The type or namespace name 'Polly' could not be found (are you missing a using directive or an assembly reference?) [E:\Ny mappe (2)\EWalletSystem\src\Services\IdentityService\IdentityService.Infrastructure\IdentityService.Infrastructure.csproj]
E:\Ny mappe (2)\EWalletSystem\src\Services\IdentityService\IdentityService.Infrastructure\Persistence\MitIdAccountDatabaseAccess.Dto.cs(4,17): error CS0234: The type or namespace name 'EntityFrameworkCore' does not exist in the namespace 'Microsoft' (are you missing an assembly reference?) [E:\Ny mappe (2)\EWalletSystem\src\Services\IdentityService\IdentityService.Infrastructure\IdentityService.Infrastructure.csproj]
E:\Ny mappe (2)\EWalletSystem\src\Services\IdentityService\IdentityService.Infrastructure\Caching\MitIdSessionCache.cs(13,22): error CS0246: The type or namespace name 'IDistributedCache' could not be found (are you missing a using directive or an assembly reference?) [E:\Ny mappe (2)\EWalletSystem\src\Services\IdentityService\IdentityService.Infrastructure\IdentityService.Infrastructure.csproj]
E:\Ny mappe (2)\EWalletSystem\src\Services\IdentityService\IdentityService.Infrastructure\Persistence\MitIdAccountDatabaseAccess.cs(8,55): error CS0535: 'MitIdAccountDatabaseAccess' does not implement interface member 'IMitIdDbAccess.GetByNationalId(string)' [E:\Ny mappe (2)\EWalletSystem\src\Services\IdentityService\IdentityService.Infrastructure\IdentityService.Infrastructure.csproj]
E:\Ny mappe (2)\EWalletSystem\src\Services\IdentityService\IdentityService.Infrastructure\Http\SignicatHttpClient.cs(146,19): error CS0246: The type or namespace name 'IAsyncPolicy<>' could not be found (are you missing a using directive or an assembly reference?) [E:\Ny mappe (2)\EWalletSystem\src\Services\IdentityService\IdentityService.Infrastructure\IdentityService.Infrastructure.csproj]
E:\Ny mappe (2)\EWalletSystem\src\Services\IdentityService\IdentityService.Infrastructure\Caching\MitIdSessionCache.cs(17,30): error CS0246: The type or namespace name 'IDistributedCache' could not be found (are you missing a using directive or an assembly reference?) [E:\Ny mappe (2)\EWalletSystem\src\Services\IdentityService\IdentityService.Infrastructure\IdentityService.Infrastructure.csproj]
    0 Warning(s)
    8 Error(s)

Time Elapsed 00:00:02.53
