  Determining projects to restore...
E:\Ny mappe (2)\EWalletSystem\src\Services\IdentityService\IdentityService.API\IdentityService.API.csproj : warning NU1510: PackageReference Microsoft.Extensions.Configuration will not be pruned. Consider removing this package from your dependencies, as it is likely unnecessary.
  All projects are up-to-date for restore.
E:\Ny mappe (2)\EWalletSystem\src\Services\IdentityService\IdentityService.API\IdentityService.API.csproj : warning NU1510: PackageReference Microsoft.Extensions.Configuration will not be pruned. Consider removing this package from your dependencies, as it is likely unnecessary.
  IdentityService.Domain -> E:\Ny mappe (2)\EWalletSystem\src\Services\IdentityService\IdentityService.Domain\bin\Debug\net10.0\IdentityService.Domain.dll
  BuildingBlocks -> E:\Ny mappe (2)\EWalletSystem\src\BuildingBlocks\bin\Debug\net10.0\BuildingBlocks.dll
  IdentityService.Application -> E:\Ny mappe (2)\EWalletSystem\src\Services\IdentityService\IdentityService.Application\bin\Debug\net10.0\IdentityService.Application.dll
E:\Ny mappe (2)\EWalletSystem\src\Services\IdentityService\IdentityService.Infrastructure\Caching\MitIdSessionCache.cs(2,28): error CS0234: The type or namespace name 'Caching' does not exist in the namespace 'Microsoft.Extensions' (are you missing an assembly reference?) [E:\Ny mappe (2)\EWalletSystem\src\Services\IdentityService\IdentityService.Infrastructure\IdentityService.Infrastructure.csproj]
E:\Ny mappe (2)\EWalletSystem\src\Services\IdentityService\IdentityService.Infrastructure\Persistence\MitIdAccountDatabaseAccess.Dto.cs(4,17): error CS0234: The type or namespace name 'EntityFrameworkCore' does not exist in the namespace 'Microsoft' (are you missing an assembly reference?) [E:\Ny mappe (2)\EWalletSystem\src\Services\IdentityService\IdentityService.Infrastructure\IdentityService.Infrastructure.csproj]
E:\Ny mappe (2)\EWalletSystem\src\Services\IdentityService\IdentityService.Infrastructure\Persistence\MitIdAccountDatabaseAccess.cs(8,55): error CS0535: 'MitIdAccountDatabaseAccess' does not implement interface member 'IMitIdDbAccess.GetByNationalId(string)' [E:\Ny mappe (2)\EWalletSystem\src\Services\IdentityService\IdentityService.Infrastructure\IdentityService.Infrastructure.csproj]
E:\Ny mappe (2)\EWalletSystem\src\Services\IdentityService\IdentityService.Infrastructure\Caching\MitIdSessionCache.cs(13,22): error CS0246: The type or namespace name 'IDistributedCache' could not be found (are you missing a using directive or an assembly reference?) [E:\Ny mappe (2)\EWalletSystem\src\Services\IdentityService\IdentityService.Infrastructure\IdentityService.Infrastructure.csproj]
E:\Ny mappe (2)\EWalletSystem\src\Services\IdentityService\IdentityService.Infrastructure\Caching\MitIdSessionCache.cs(17,30): error CS0246: The type or namespace name 'IDistributedCache' could not be found (are you missing a using directive or an assembly reference?) [E:\Ny mappe (2)\EWalletSystem\src\Services\IdentityService\IdentityService.Infrastructure\IdentityService.Infrastructure.csproj]

Build FAILED.

E:\Ny mappe (2)\EWalletSystem\src\Services\IdentityService\IdentityService.API\IdentityService.API.csproj : warning NU1510: PackageReference Microsoft.Extensions.Configuration will not be pruned. Consider removing this package from your dependencies, as it is likely unnecessary.
E:\Ny mappe (2)\EWalletSystem\src\Services\IdentityService\IdentityService.API\IdentityService.API.csproj : warning NU1510: PackageReference Microsoft.Extensions.Configuration will not be pruned. Consider removing this package from your dependencies, as it is likely unnecessary.
E:\Ny mappe (2)\EWalletSystem\src\Services\IdentityService\IdentityService.Infrastructure\Caching\MitIdSessionCache.cs(2,28): error CS0234: The type or namespace name 'Caching' does not exist in the namespace 'Microsoft.Extensions' (are you missing an assembly reference?) [E:\Ny mappe (2)\EWalletSystem\src\Services\IdentityService\IdentityService.Infrastructure\IdentityService.Infrastructure.csproj]
E:\Ny mappe (2)\EWalletSystem\src\Services\IdentityService\IdentityService.Infrastructure\Persistence\MitIdAccountDatabaseAccess.Dto.cs(4,17): error CS0234: The type or namespace name 'EntityFrameworkCore' does not exist in the namespace 'Microsoft' (are you missing an assembly reference?) [E:\Ny mappe (2)\EWalletSystem\src\Services\IdentityService\IdentityService.Infrastructure\IdentityService.Infrastructure.csproj]
E:\Ny mappe (2)\EWalletSystem\src\Services\IdentityService\IdentityService.Infrastructure\Persistence\MitIdAccountDatabaseAccess.cs(8,55): error CS0535: 'MitIdAccountDatabaseAccess' does not implement interface member 'IMitIdDbAccess.GetByNationalId(string)' [E:\Ny mappe (2)\EWalletSystem\src\Services\IdentityService\IdentityService.Infrastructure\IdentityService.Infrastructure.csproj]
E:\Ny mappe (2)\EWalletSystem\src\Services\IdentityService\IdentityService.Infrastructure\Caching\MitIdSessionCache.cs(13,22): error CS0246: The type or namespace name 'IDistributedCache' could not be found (are you missing a using directive or an assembly reference?) [E:\Ny mappe (2)\EWalletSystem\src\Services\IdentityService\IdentityService.Infrastructure\IdentityService.Infrastructure.csproj]
E:\Ny mappe (2)\EWalletSystem\src\Services\IdentityService\IdentityService.Infrastructure\Caching\MitIdSessionCache.cs(17,30): error CS0246: The type or namespace name 'IDistributedCache' could not be found (are you missing a using directive or an assembly reference?) [E:\Ny mappe (2)\EWalletSystem\src\Services\IdentityService\IdentityService.Infrastructure\IdentityService.Infrastructure.csproj]
    2 Warning(s)
    5 Error(s)

Time Elapsed 00:00:03.20
